https://mltshp.com/p/1RVY9
https://mltshp.com/p/1RVY8
https://mltshp.com/p/1RVZ9
https://mltshp.com/p/1R07L
https://mltshp.com/p/1RVZL
https://mltshp.com/p/1RVZA
https://mltshp.com/p/1RVZR
https://mltshp.com/p/1RVZK
https://mltshp.com/p/1RVZ6
https://mltshp.com/p/1RVYR
https://mltshp.com/p/1RVYJ
https://mltshp.com/p/1RVZ1
https://mltshp.com/p/1RVZW
https://mltshp.com/p/1RVZI
https://mltshp.com/p/1RW0P
https://mltshp.com/p/1RW0Z
https://mltshp.com/p/1RW1H
https://mltshp.com/p/1RW16
https://mltshp.com/p/1RVZU
https://mltshp.com/p/1RW1M
https://mltshp.com/p/1RW1I
https://mltshp.com/p/1RW2U
https://mltshp.com/p/1RW2G
https://mltshp.com/p/1RW2S
https://mltshp.com/p/1RW35
https://mltshp.com/p/1RW33
https://mltshp.com/p/1RW36
https://mltshp.com/p/1RW0G
https://mltshp.com/p/1RNPG
https://mltshp.com/p/1RW44
https://mltshp.com/p/1RW43
https://mltshp.com/p/1RW3I
https://mltshp.com/p/1RV7G
https://mltshp.com/p/1RV5X
https://mltshp.com/p/1RW4Q
https://mltshp.com/p/1RW4V
https://mltshp.com/p/1RW3K
https://mltshp.com/p/1RW4K
https://mltshp.com/p/1RW4M
https://mltshp.com/p/1RW50
https://mltshp.com/p/1RW49
https://mltshp.com/p/1RW5L
https://mltshp.com/p/1RW5H
https://mltshp.com/p/1RW5E
https://mltshp.com/p/1RW5P
https://mltshp.com/p/1RW58
https://mltshp.com/p/1RW5U
https://mltshp.com/p/1RW6B
https://mltshp.com/p/1RW5Q
https://mltshp.com/p/1RW6Q
https://mltshp.com/p/1RW6O
https://mltshp.com/p/1RW69
https://mltshp.com/p/1RW70
https://mltshp.com/p/1RW76
https://mltshp.com/p/1RW6W
https://mltshp.com/p/1RW6U
https://mltshp.com/p/1RW6C
https://mltshp.com/p/1RW7H
https://mltshp.com/p/1RW6V
https://mltshp.com/p/1RW7U
https://mltshp.com/p/1RW88
https://mltshp.com/p/1RVQR
https://mltshp.com/p/1RW77
https://mltshp.com/p/1RVCI
https://mltshp.com/p/1RW7Z
https://mltshp.com/p/1RW8R
https://mltshp.com/p/1RW8I
https://mltshp.com/p/1RW8E
https://mltshp.com/p/1RW9O
https://mltshp.com/p/1RW9W
https://mltshp.com/p/1RW8M
https://mltshp.com/p/1RWAF
https://mltshp.com/p/1RWA7
https://mltshp.com/p/1RW9Y
https://mltshp.com/p/1RW8O
https://mltshp.com/p/1RW9U
https://mltshp.com/p/1RW9G
https://mltshp.com/p/1RW8P
https://mltshp.com/p/1RW8L
https://mltshp.com/p/1RWAP
https://mltshp.com/p/1RWB2
https://mltshp.com/p/1RWAJ
https://mltshp.com/p/1RWBI
https://mltshp.com/p/1RWBH
https://mltshp.com/p/1RWBL
https://mltshp.com/p/1RWBV
https://mltshp.com/p/1RWB5
https://mltshp.com/p/1RWCA
https://mltshp.com/p/1RWCM
https://mltshp.com/p/1RWB6
https://mltshp.com/p/1RWCB
https://mltshp.com/p/1RWC0
https://mltshp.com/p/1RWC7
https://mltshp.com/p/1RWD9
https://mltshp.com/p/1RWDB
https://mltshp.com/p/1RWDE
https://mltshp.com/p/1RWDZ
https://mltshp.com/p/1RWE2
https://mltshp.com/p/1RWDJ
https://mltshp.com/p/1RWBK
https://mltshp.com/p/1RWE7
https://mltshp.com/p/1RWC1
https://mltshp.com/p/1RWE5
https://mltshp.com/p/1RWEL
https://mltshp.com/p/1RWEK
https://mltshp.com/p/1RWE6
https://mltshp.com/p/1RWDV
https://mltshp.com/p/1RWEM
https://mltshp.com/p/1RWFB
https://mltshp.com/p/1RWFE
https://mltshp.com/p/1RWFX
https://mltshp.com/p/1RWFY
https://mltshp.com/p/1RWFV
https://mltshp.com/p/1RWG4
https://mltshp.com/p/1RWG5
https://mltshp.com/p/1RWG1
https://mltshp.com/p/1RWGD
https://mltshp.com/p/1RWGE
https://mltshp.com/p/1RWGZ
https://mltshp.com/p/1RWGY
https://mltshp.com/p/1RWHT
https://mltshp.com/p/1RWJ9
https://mltshp.com/p/1RWIL
https://mltshp.com/p/1RWJK
https://mltshp.com/p/1RWJR
https://mltshp.com/p/1RWIS
https://mltshp.com/p/1RWBO
https://mltshp.com/p/1RWJA
https://mltshp.com/p/1RWKS
https://mltshp.com/p/1RWJG
https://mltshp.com/p/1RWJM
https://mltshp.com/p/1RWL3
https://mltshp.com/p/1RWLG
https://mltshp.com/p/1RWLF
https://mltshp.com/p/1RWLI
https://mltshp.com/p/1RWKL
https://mltshp.com/p/1RWDM
https://mltshp.com/p/1RWM3
https://mltshp.com/p/1RWLY
https://mltshp.com/p/1RWM5
https://mltshp.com/p/1RWMA
https://mltshp.com/p/1RWMW
https://mltshp.com/p/1RWNE
https://mltshp.com/p/1RWNK
https://mltshp.com/p/1RWND
https://mltshp.com/p/1RWOB
https://mltshp.com/p/1RWO0
https://mltshp.com/p/1RWP0
https://mltshp.com/p/1RWPH
https://mltshp.com/p/1RWOA
https://mltshp.com/p/1RWO3
https://mltshp.com/p/1RWQF
https://mltshp.com/p/1RWQ6
https://mltshp.com/p/1RWQG
https://mltshp.com/p/1RWQI
https://mltshp.com/p/1RWQ0
https://mltshp.com/p/1RWO8
https://mltshp.com/p/1RWQK
https://mltshp.com/p/1RWQT
https://mltshp.com/p/1RWQP
https://mltshp.com/p/1RWRF
https://mltshp.com/p/1RWRH
https://mltshp.com/p/1RWRG
https://mltshp.com/p/1RWQV
https://mltshp.com/p/1RWR2
https://mltshp.com/p/1RWRJ
https://mltshp.com/p/1RWS8
https://mltshp.com/p/1RWS9
https://mltshp.com/p/1RWSF
https://mltshp.com/p/1RWRP
https://mltshp.com/p/1RWRI
https://mltshp.com/p/1RWT7
https://mltshp.com/p/1RWSZ
https://mltshp.com/p/1RWTC
https://mltshp.com/p/1RWTJ
https://mltshp.com/p/1RWTL
https://mltshp.com/p/1RWT3
https://mltshp.com/p/1RWUP
https://mltshp.com/p/1RWTK
https://mltshp.com/p/1RWUV
https://mltshp.com/p/1RWVQ
https://mltshp.com/p/1RWVJ
https://mltshp.com/p/1RWU5
https://mltshp.com/p/1RWX0
https://mltshp.com/p/1RWXI
https://mltshp.com/p/1RWXN
https://mltshp.com/p/1RWX9
https://mltshp.com/p/1RWX6
https://mltshp.com/p/1RWYE
https://mltshp.com/p/1RWX2
https://mltshp.com/p/1RWYA
https://mltshp.com/p/1RWY1
https://mltshp.com/p/1RWX7
https://mltshp.com/p/1RWZ0
https://mltshp.com/p/1RWZF
https://mltshp.com/p/1RWZK
https://mltshp.com/p/1RWZ1
https://mltshp.com/p/1RWZS
https://mltshp.com/p/1RX0O
https://mltshp.com/p/1RWZ5